"""this doctest is for the text_indentation module"""

>>> text_indentation = __import__('5-text_indentation').text_indentation
>>> text_indentation("? . :")
?
<BLANKLINE>
.
<BLANKLINE>
:
<BLANKLINE>

>>> text_indentation("brian? come.")
brian?
<BLANKLINE>
come.
<BLANKLINE>

>>> text_indentation(45)
Traceback (most recent call last):
TypeError: text must be a string

>>> text_indentation("")

>>> text_indentation("no character in this")
no character in this
